// Jest Snapshot v1, https://goo.gl/fbAQLP

exports[`Header Should render 1`] = `
<div>
  <div
    class="header--box MuiBox-root css-0"
  >
    <div
      class="MuiTypography-root MuiTypography-h4 MuiTypography-gutterBottom css-1vw6mcs-MuiTypography-root"
    >
      Meet ReqRes users!
    </div>
    <div
      class="MuiTypography-root MuiTypography-h5 MuiTypography-gutterBottom css-h93ljk-MuiTypography-root"
    >
      Application created with free ReqRes API
    </div>
  </div>
</div>
`;
